// Jest Snapshot v1, https://goo.gl/fbAQLP

exports[`App Component renders list of hero names on successful API call 1`] = `
<main>
  <div
    class="css-h74a88"
  >
    <div
      class="css-1oqh2xe"
    >
      <h2
        class="chakra-heading css-wlea3r"
      >
        Oops! Something went wrong.
      </h2>
      <p
        class="chakra-text css-x4lmqn"
      >
        Unable to load todos
      </p>
      <button
        class="chakra-button css-4xx2wk"
        type="button"
      >
        Try Again
      </button>
    </div>
  </div>
</main>
`;
